#-----------------------------------------------------------
# Webtalk v2017.4 (64-bit)
# SW Build 2086221 on Fri Dec 15 20:55:39 MST 2017
# IP Build 2085800 on Fri Dec 15 22:25:07 MST 2017
# Start of session at: Mon Mar 26 16:55:59 2018
# Process ID: 3336
# Current directory: D:/git/TUCN_CS_3yr-2/SCS/practice_lab/lab_05_multiply/lab_05_multiply.sim/sim_1/behav/xsim
# Command line: wbtcv.exe -mode batch -source D:/git/TUCN_CS_3yr-2/SCS/practice_lab/lab_05_multiply/lab_05_multiply.sim/sim_1/behav/xsim/xsim.dir/multi_sim_behav/webtalk/xsim_webtalk.tcl -notrace
# Log file: D:/git/TUCN_CS_3yr-2/SCS/practice_lab/lab_05_multiply/lab_05_multiply.sim/sim_1/behav/xsim/webtalk.log
# Journal file: D:/git/TUCN_CS_3yr-2/SCS/practice_lab/lab_05_multiply/lab_05_multiply.sim/sim_1/behav/xsim\webtalk.jou
#-----------------------------------------------------------
source D:/git/TUCN_CS_3yr-2/SCS/practice_lab/lab_05_multiply/lab_05_multiply.sim/sim_1/behav/xsim/xsim.dir/multi_sim_behav/webtalk/xsim_webtalk.tcl -notrace
